// Jest Snapshot v1, https://goo.gl/fbAQLP

exports[`Subjects component should render 1`] = `
ShallowWrapper {
  "length": 1,
  Symbol(enzyme.__root__): [Circular],
  Symbol(enzyme.__unrendered__): <Subjects
    subjectsType="primary"
/>,
  Symbol(enzyme.__renderer__): Object {
    "batchedUpdates": [Function],
    "getNode": [Function],
    "render": [Function],
    "simulateEvent": [Function],
    "unmount": [Function],
  },
  Symbol(enzyme.__node__): Object {
    "instance": null,
    "key": null,
    "nodeType": "host",
    "props": Object {
      "children": Array [
        <h2>
          Przedmioty główne
           
</h2>,
        <Connect(SubjectList)
          subjectsType="primary"
/>,
        <Connect(AddSubject)
          subjectsType="primary"
/>,
      ],
      "className": "mt-5 mb-5",
    },
    "ref": null,
    "rendered": Array [
      Object {
        "instance": null,
        "key": null,
        "nodeType": "host",
        "props": Object {
          "children": Array [
            "Przedmioty główne",
            " ",
          ],
        },
        "ref": null,
        "rendered": Array [
          "Przedmioty główne",
          " ",
        ],
        "type": "h2",
      },
      Object {
        "instance": null,
        "key": null,
        "nodeType": "class",
        "props": Object {
          "subjectsType": "primary",
        },
        "ref": null,
        "rendered": null,
        "type": [Function],
      },
      Object {
        "instance": null,
        "key": null,
        "nodeType": "class",
        "props": Object {
          "subjectsType": "primary",
        },
        "ref": null,
        "rendered": null,
        "type": [Function],
      },
    ],
    "type": "div",
  },
  Symbol(enzyme.__nodes__): Array [
    Object {
      "instance": null,
      "key": null,
      "nodeType": "host",
      "props": Object {
        "children": Array [
          <h2>
            Przedmioty główne
             
</h2>,
          <Connect(SubjectList)
            subjectsType="primary"
/>,
          <Connect(AddSubject)
            subjectsType="primary"
/>,
        ],
        "className": "mt-5 mb-5",
      },
      "ref": null,
      "rendered": Array [
        Object {
          "instance": null,
          "key": null,
          "nodeType": "host",
          "props": Object {
            "children": Array [
              "Przedmioty główne",
              " ",
            ],
          },
          "ref": null,
          "rendered": Array [
            "Przedmioty główne",
            " ",
          ],
          "type": "h2",
        },
        Object {
          "instance": null,
          "key": null,
          "nodeType": "class",
          "props": Object {
            "subjectsType": "primary",
          },
          "ref": null,
          "rendered": null,
          "type": [Function],
        },
        Object {
          "instance": null,
          "key": null,
          "nodeType": "class",
          "props": Object {
            "subjectsType": "primary",
          },
          "ref": null,
          "rendered": null,
          "type": [Function],
        },
      ],
      "type": "div",
    },
  ],
  Symbol(enzyme.__options__): Object {
    "adapter": ReactSixteenAdapter {
      "options": Object {
        "enableComponentDidUpdateOnSetState": true,
      },
    },
  },
}
`;
