// Jest Snapshot v1, https://goo.gl/fbAQLP

exports[`NameInput component should render 1`] = `
ShallowWrapper {
  "length": 1,
  Symbol(enzyme.__root__): [Circular],
  Symbol(enzyme.__unrendered__): <NameInput
    onChange={[Function]}
    subject={
        Object {
            "active": true,
            "id": "0",
            "name": "Matematyka",
          }
    }
    subjectsType="primary"
/>,
  Symbol(enzyme.__renderer__): Object {
    "batchedUpdates": [Function],
    "getNode": [Function],
    "render": [Function],
    "simulateEvent": [Function],
    "unmount": [Function],
  },
  Symbol(enzyme.__node__): Object {
    "instance": null,
    "key": null,
    "nodeType": "host",
    "props": Object {
      "children": Array [
        <input
          className="subject-active subject-input-name"
          list="primary"
          onChange={[Function]}
          type="text"
          value="Matematyka"
/>,
        <Datalist
          subjectsType="primary"
/>,
      ],
    },
    "ref": null,
    "rendered": Array [
      Object {
        "instance": null,
        "key": null,
        "nodeType": "host",
        "props": Object {
          "className": "subject-active subject-input-name",
          "list": "primary",
          "onChange": [Function],
          "type": "text",
          "value": "Matematyka",
        },
        "ref": null,
        "rendered": null,
        "type": "input",
      },
      Object {
        "instance": null,
        "key": null,
        "nodeType": "function",
        "props": Object {
          "subjectsType": "primary",
        },
        "ref": null,
        "rendered": null,
        "type": [Function],
      },
    ],
    "type": "div",
  },
  Symbol(enzyme.__nodes__): Array [
    Object {
      "instance": null,
      "key": null,
      "nodeType": "host",
      "props": Object {
        "children": Array [
          <input
            className="subject-active subject-input-name"
            list="primary"
            onChange={[Function]}
            type="text"
            value="Matematyka"
/>,
          <Datalist
            subjectsType="primary"
/>,
        ],
      },
      "ref": null,
      "rendered": Array [
        Object {
          "instance": null,
          "key": null,
          "nodeType": "host",
          "props": Object {
            "className": "subject-active subject-input-name",
            "list": "primary",
            "onChange": [Function],
            "type": "text",
            "value": "Matematyka",
          },
          "ref": null,
          "rendered": null,
          "type": "input",
        },
        Object {
          "instance": null,
          "key": null,
          "nodeType": "function",
          "props": Object {
            "subjectsType": "primary",
          },
          "ref": null,
          "rendered": null,
          "type": [Function],
        },
      ],
      "type": "div",
    },
  ],
  Symbol(enzyme.__options__): Object {
    "adapter": ReactSixteenAdapter {
      "options": Object {
        "enableComponentDidUpdateOnSetState": true,
      },
    },
  },
}
`;
