// Jest Snapshot v1, https://goo.gl/fbAQLP

exports[`ScoreRangeInput component should render 1`] = `
ShallowWrapper {
  "length": 1,
  Symbol(enzyme.__root__): [Circular],
  Symbol(enzyme.__unrendered__): <ScoreRangeInput
    examType="elementary"
    onChange={[Function]}
    subject={
        Object {
            "active": true,
            "advancedScore": 82,
            "elementaryScore": 100,
            "id": "0",
          }
    }
    subjectsType="primary"
/>,
  Symbol(enzyme.__renderer__): Object {
    "batchedUpdates": [Function],
    "getNode": [Function],
    "render": [Function],
    "simulateEvent": [Function],
    "unmount": [Function],
  },
  Symbol(enzyme.__node__): Object {
    "instance": null,
    "key": null,
    "nodeType": "host",
    "props": Object {
      "className": "subject-input-range",
      "max": "100",
      "min": "0",
      "onChange": [Function],
      "type": "range",
      "value": 100,
    },
    "ref": null,
    "rendered": null,
    "type": "input",
  },
  Symbol(enzyme.__nodes__): Array [
    Object {
      "instance": null,
      "key": null,
      "nodeType": "host",
      "props": Object {
        "className": "subject-input-range",
        "max": "100",
        "min": "0",
        "onChange": [Function],
        "type": "range",
        "value": 100,
      },
      "ref": null,
      "rendered": null,
      "type": "input",
    },
  ],
  Symbol(enzyme.__options__): Object {
    "adapter": ReactSixteenAdapter {
      "options": Object {
        "enableComponentDidUpdateOnSetState": true,
      },
    },
  },
}
`;
