// Jest Snapshot v1, https://goo.gl/fbAQLP

exports[`Subject component should render 1`] = `
ShallowWrapper {
  "length": 1,
  Symbol(enzyme.__root__): [Circular],
  Symbol(enzyme.__unrendered__): <Subject
    onChange={[Function]}
    onDelete={[Function]}
    onToggleClick={[Function]}
    subject={
        Object {
            "active": true,
            "advancedScore": 82,
            "elementaryScore": 100,
            "id": "0",
            "maxScore": Object {
              "formula": "A/B",
              "value": 182,
            },
            "name": "Matematyka",
          }
    }
    subjectNumber={2}
    subjectsType="primary"
/>,
  Symbol(enzyme.__renderer__): Object {
    "batchedUpdates": [Function],
    "getNode": [Function],
    "render": [Function],
    "simulateEvent": [Function],
    "unmount": [Function],
  },
  Symbol(enzyme.__node__): Object {
    "instance": null,
    "key": null,
    "nodeType": "host",
    "props": Object {
      "children": <tbody>
        <tr>
                <th>
                        ID
                </th>
                <th>
                        Przedmiot
                </th>
                <th>
                        Wynik z matury podstawowej
                </th>
                <th>
                        Wynik z matury rozszerzonej
                </th>
                <th />
                <th />
        </tr>
        <tr>
                <td>
                        2
                </td>
                <td>
                        <NameInput
                                onChange={[Function]}
                                subject={
                                        Object {
                                                "active": true,
                                                "advancedScore": 82,
                                                "elementaryScore": 100,
                                                "id": "0",
                                                "maxScore": Object {
                                                  "formula": "A/B",
                                                  "value": 182,
                                                },
                                                "name": "Matematyka",
                                              }
                                }
                                subjectsType="primary"
                        />
                </td>
                <td>
                        <ScoreRangeInput
                                examType="elementary"
                                onChange={[Function]}
                                subject={
                                        Object {
                                                "active": true,
                                                "advancedScore": 82,
                                                "elementaryScore": 100,
                                                "id": "0",
                                                "maxScore": Object {
                                                  "formula": "A/B",
                                                  "value": 182,
                                                },
                                                "name": "Matematyka",
                                              }
                                }
                                subjectsType="primary"
                        />
                        <ScoreTextInput
                                examType="elementary"
                                onChange={[Function]}
                                subject={
                                        Object {
                                                "active": true,
                                                "advancedScore": 82,
                                                "elementaryScore": 100,
                                                "id": "0",
                                                "maxScore": Object {
                                                  "formula": "A/B",
                                                  "value": 182,
                                                },
                                                "name": "Matematyka",
                                              }
                                }
                                subjectsType="primary"
                        />
                        %
                </td>
                <td>
                        <ScoreRangeInput
                                examType="advanced"
                                onChange={[Function]}
                                subject={
                                        Object {
                                                "active": true,
                                                "advancedScore": 82,
                                                "elementaryScore": 100,
                                                "id": "0",
                                                "maxScore": Object {
                                                  "formula": "A/B",
                                                  "value": 182,
                                                },
                                                "name": "Matematyka",
                                              }
                                }
                                subjectsType="primary"
                        />
                        <ScoreTextInput
                                examType="advanced"
                                onChange={[Function]}
                                subject={
                                        Object {
                                                "active": true,
                                                "advancedScore": 82,
                                                "elementaryScore": 100,
                                                "id": "0",
                                                "maxScore": Object {
                                                  "formula": "A/B",
                                                  "value": 182,
                                                },
                                                "name": "Matematyka",
                                              }
                                }
                                subjectsType="primary"
                        />
                        %
                </td>
                <td>
                        <ToggleSubject
                                active={true}
                                id="0"
                                onToggleClick={[Function]}
                                subjectsType="primary"
                        />
                </td>
                <td>
                        <DeleteSubject
                                id="0"
                                onDelete={[Function]}
                                subjectsType="primary"
                        />
                </td>
        </tr>
</tbody>,
      "className": "table mb-0",
    },
    "ref": null,
    "rendered": Object {
      "instance": null,
      "key": null,
      "nodeType": "host",
      "props": Object {
        "children": Array [
          <tr>
            <th>
                        ID
            </th>
            <th>
                        Przedmiot
            </th>
            <th>
                        Wynik z matury podstawowej
            </th>
            <th>
                        Wynik z matury rozszerzonej
            </th>
            <th />
            <th />
</tr>,
          <tr>
            <td>
                        2
            </td>
            <td>
                        <NameInput
                                    onChange={[Function]}
                                    subject={
                                                Object {
                                                            "active": true,
                                                            "advancedScore": 82,
                                                            "elementaryScore": 100,
                                                            "id": "0",
                                                            "maxScore": Object {
                                                              "formula": "A/B",
                                                              "value": 182,
                                                            },
                                                            "name": "Matematyka",
                                                          }
                                    }
                                    subjectsType="primary"
                        />
            </td>
            <td>
                        <ScoreRangeInput
                                    examType="elementary"
                                    onChange={[Function]}
                                    subject={
                                                Object {
                                                            "active": true,
                                                            "advancedScore": 82,
                                                            "elementaryScore": 100,
                                                            "id": "0",
                                                            "maxScore": Object {
                                                              "formula": "A/B",
                                                              "value": 182,
                                                            },
                                                            "name": "Matematyka",
                                                          }
                                    }
                                    subjectsType="primary"
                        />
                        <ScoreTextInput
                                    examType="elementary"
                                    onChange={[Function]}
                                    subject={
                                                Object {
                                                            "active": true,
                                                            "advancedScore": 82,
                                                            "elementaryScore": 100,
                                                            "id": "0",
                                                            "maxScore": Object {
                                                              "formula": "A/B",
                                                              "value": 182,
                                                            },
                                                            "name": "Matematyka",
                                                          }
                                    }
                                    subjectsType="primary"
                        />
                        %
            </td>
            <td>
                        <ScoreRangeInput
                                    examType="advanced"
                                    onChange={[Function]}
                                    subject={
                                                Object {
                                                            "active": true,
                                                            "advancedScore": 82,
                                                            "elementaryScore": 100,
                                                            "id": "0",
                                                            "maxScore": Object {
                                                              "formula": "A/B",
                                                              "value": 182,
                                                            },
                                                            "name": "Matematyka",
                                                          }
                                    }
                                    subjectsType="primary"
                        />
                        <ScoreTextInput
                                    examType="advanced"
                                    onChange={[Function]}
                                    subject={
                                                Object {
                                                            "active": true,
                                                            "advancedScore": 82,
                                                            "elementaryScore": 100,
                                                            "id": "0",
                                                            "maxScore": Object {
                                                              "formula": "A/B",
                                                              "value": 182,
                                                            },
                                                            "name": "Matematyka",
                                                          }
                                    }
                                    subjectsType="primary"
                        />
                        %
            </td>
            <td>
                        <ToggleSubject
                                    active={true}
                                    id="0"
                                    onToggleClick={[Function]}
                                    subjectsType="primary"
                        />
            </td>
            <td>
                        <DeleteSubject
                                    id="0"
                                    onDelete={[Function]}
                                    subjectsType="primary"
                        />
            </td>
</tr>,
        ],
      },
      "ref": null,
      "rendered": Array [
        Object {
          "instance": null,
          "key": null,
          "nodeType": "host",
          "props": Object {
            "children": Array [
              <th>
                ID
</th>,
              <th>
                Przedmiot
</th>,
              <th>
                Wynik z matury podstawowej
</th>,
              <th>
                Wynik z matury rozszerzonej
</th>,
              <th />,
              <th />,
            ],
          },
          "ref": null,
          "rendered": Array [
            Object {
              "instance": null,
              "key": null,
              "nodeType": "host",
              "props": Object {
                "children": "ID",
              },
              "ref": null,
              "rendered": "ID",
              "type": "th",
            },
            Object {
              "instance": null,
              "key": null,
              "nodeType": "host",
              "props": Object {
                "children": "Przedmiot",
              },
              "ref": null,
              "rendered": "Przedmiot",
              "type": "th",
            },
            Object {
              "instance": null,
              "key": null,
              "nodeType": "host",
              "props": Object {
                "children": "Wynik z matury podstawowej",
              },
              "ref": null,
              "rendered": "Wynik z matury podstawowej",
              "type": "th",
            },
            Object {
              "instance": null,
              "key": null,
              "nodeType": "host",
              "props": Object {
                "children": "Wynik z matury rozszerzonej",
              },
              "ref": null,
              "rendered": "Wynik z matury rozszerzonej",
              "type": "th",
            },
            Object {
              "instance": null,
              "key": null,
              "nodeType": "host",
              "props": Object {},
              "ref": null,
              "rendered": null,
              "type": "th",
            },
            Object {
              "instance": null,
              "key": null,
              "nodeType": "host",
              "props": Object {},
              "ref": null,
              "rendered": null,
              "type": "th",
            },
          ],
          "type": "tr",
        },
        Object {
          "instance": null,
          "key": null,
          "nodeType": "host",
          "props": Object {
            "children": Array [
              <td>
                2
</td>,
              <td>
                <NameInput
                                onChange={[Function]}
                                subject={
                                                Object {
                                                                "active": true,
                                                                "advancedScore": 82,
                                                                "elementaryScore": 100,
                                                                "id": "0",
                                                                "maxScore": Object {
                                                                  "formula": "A/B",
                                                                  "value": 182,
                                                                },
                                                                "name": "Matematyka",
                                                              }
                                }
                                subjectsType="primary"
                />
</td>,
              <td>
                <ScoreRangeInput
                                examType="elementary"
                                onChange={[Function]}
                                subject={
                                                Object {
                                                                "active": true,
                                                                "advancedScore": 82,
                                                                "elementaryScore": 100,
                                                                "id": "0",
                                                                "maxScore": Object {
                                                                  "formula": "A/B",
                                                                  "value": 182,
                                                                },
                                                                "name": "Matematyka",
                                                              }
                                }
                                subjectsType="primary"
                />
                <ScoreTextInput
                                examType="elementary"
                                onChange={[Function]}
                                subject={
                                                Object {
                                                                "active": true,
                                                                "advancedScore": 82,
                                                                "elementaryScore": 100,
                                                                "id": "0",
                                                                "maxScore": Object {
                                                                  "formula": "A/B",
                                                                  "value": 182,
                                                                },
                                                                "name": "Matematyka",
                                                              }
                                }
                                subjectsType="primary"
                />
                %
</td>,
              <td>
                <ScoreRangeInput
                                examType="advanced"
                                onChange={[Function]}
                                subject={
                                                Object {
                                                                "active": true,
                                                                "advancedScore": 82,
                                                                "elementaryScore": 100,
                                                                "id": "0",
                                                                "maxScore": Object {
                                                                  "formula": "A/B",
                                                                  "value": 182,
                                                                },
                                                                "name": "Matematyka",
                                                              }
                                }
                                subjectsType="primary"
                />
                <ScoreTextInput
                                examType="advanced"
                                onChange={[Function]}
                                subject={
                                                Object {
                                                                "active": true,
                                                                "advancedScore": 82,
                                                                "elementaryScore": 100,
                                                                "id": "0",
                                                                "maxScore": Object {
                                                                  "formula": "A/B",
                                                                  "value": 182,
                                                                },
                                                                "name": "Matematyka",
                                                              }
                                }
                                subjectsType="primary"
                />
                %
</td>,
              <td>
                <ToggleSubject
                                active={true}
                                id="0"
                                onToggleClick={[Function]}
                                subjectsType="primary"
                />
</td>,
              <td>
                <DeleteSubject
                                id="0"
                                onDelete={[Function]}
                                subjectsType="primary"
                />
</td>,
            ],
          },
          "ref": null,
          "rendered": Array [
            Object {
              "instance": null,
              "key": null,
              "nodeType": "host",
              "props": Object {
                "children": 2,
              },
              "ref": null,
              "rendered": 2,
              "type": "td",
            },
            Object {
              "instance": null,
              "key": null,
              "nodeType": "host",
              "props": Object {
                "children": <NameInput
                  onChange={[Function]}
                  subject={
                                    Object {
                                                      "active": true,
                                                      "advancedScore": 82,
                                                      "elementaryScore": 100,
                                                      "id": "0",
                                                      "maxScore": Object {
                                                        "formula": "A/B",
                                                        "value": 182,
                                                      },
                                                      "name": "Matematyka",
                                                    }
                  }
                  subjectsType="primary"
/>,
              },
              "ref": null,
              "rendered": Object {
                "instance": null,
                "key": null,
                "nodeType": "function",
                "props": Object {
                  "onChange": [Function],
                  "subject": Object {
                    "active": true,
                    "advancedScore": 82,
                    "elementaryScore": 100,
                    "id": "0",
                    "maxScore": Object {
                      "formula": "A/B",
                      "value": 182,
                    },
                    "name": "Matematyka",
                  },
                  "subjectsType": "primary",
                },
                "ref": null,
                "rendered": null,
                "type": [Function],
              },
              "type": "td",
            },
            Object {
              "instance": null,
              "key": null,
              "nodeType": "host",
              "props": Object {
                "children": Array [
                  <ScoreRangeInput
                    examType="elementary"
                    onChange={[Function]}
                    subject={
                                        Object {
                                                            "active": true,
                                                            "advancedScore": 82,
                                                            "elementaryScore": 100,
                                                            "id": "0",
                                                            "maxScore": Object {
                                                              "formula": "A/B",
                                                              "value": 182,
                                                            },
                                                            "name": "Matematyka",
                                                          }
                    }
                    subjectsType="primary"
/>,
                  <ScoreTextInput
                    examType="elementary"
                    onChange={[Function]}
                    subject={
                                        Object {
                                                            "active": true,
                                                            "advancedScore": 82,
                                                            "elementaryScore": 100,
                                                            "id": "0",
                                                            "maxScore": Object {
                                                              "formula": "A/B",
                                                              "value": 182,
                                                            },
                                                            "name": "Matematyka",
                                                          }
                    }
                    subjectsType="primary"
/>,
                  "%",
                ],
              },
              "ref": null,
              "rendered": Array [
                Object {
                  "instance": null,
                  "key": null,
                  "nodeType": "function",
                  "props": Object {
                    "examType": "elementary",
                    "onChange": [Function],
                    "subject": Object {
                      "active": true,
                      "advancedScore": 82,
                      "elementaryScore": 100,
                      "id": "0",
                      "maxScore": Object {
                        "formula": "A/B",
                        "value": 182,
                      },
                      "name": "Matematyka",
                    },
                    "subjectsType": "primary",
                  },
                  "ref": null,
                  "rendered": null,
                  "type": [Function],
                },
                Object {
                  "instance": null,
                  "key": null,
                  "nodeType": "function",
                  "props": Object {
                    "examType": "elementary",
                    "onChange": [Function],
                    "subject": Object {
                      "active": true,
                      "advancedScore": 82,
                      "elementaryScore": 100,
                      "id": "0",
                      "maxScore": Object {
                        "formula": "A/B",
                        "value": 182,
                      },
                      "name": "Matematyka",
                    },
                    "subjectsType": "primary",
                  },
                  "ref": null,
                  "rendered": null,
                  "type": [Function],
                },
                "%",
              ],
              "type": "td",
            },
            Object {
              "instance": null,
              "key": null,
              "nodeType": "host",
              "props": Object {
                "children": Array [
                  <ScoreRangeInput
                    examType="advanced"
                    onChange={[Function]}
                    subject={
                                        Object {
                                                            "active": true,
                                                            "advancedScore": 82,
                                                            "elementaryScore": 100,
                                                            "id": "0",
                                                            "maxScore": Object {
                                                              "formula": "A/B",
                                                              "value": 182,
                                                            },
                                                            "name": "Matematyka",
                                                          }
                    }
                    subjectsType="primary"
/>,
                  <ScoreTextInput
                    examType="advanced"
                    onChange={[Function]}
                    subject={
                                        Object {
                                                            "active": true,
                                                            "advancedScore": 82,
                                                            "elementaryScore": 100,
                                                            "id": "0",
                                                            "maxScore": Object {
                                                              "formula": "A/B",
                                                              "value": 182,
                                                            },
                                                            "name": "Matematyka",
                                                          }
                    }
                    subjectsType="primary"
/>,
                  "%",
                ],
              },
              "ref": null,
              "rendered": Array [
                Object {
                  "instance": null,
                  "key": null,
                  "nodeType": "function",
                  "props": Object {
                    "examType": "advanced",
                    "onChange": [Function],
                    "subject": Object {
                      "active": true,
                      "advancedScore": 82,
                      "elementaryScore": 100,
                      "id": "0",
                      "maxScore": Object {
                        "formula": "A/B",
                        "value": 182,
                      },
                      "name": "Matematyka",
                    },
                    "subjectsType": "primary",
                  },
                  "ref": null,
                  "rendered": null,
                  "type": [Function],
                },
                Object {
                  "instance": null,
                  "key": null,
                  "nodeType": "function",
                  "props": Object {
                    "examType": "advanced",
                    "onChange": [Function],
                    "subject": Object {
                      "active": true,
                      "advancedScore": 82,
                      "elementaryScore": 100,
                      "id": "0",
                      "maxScore": Object {
                        "formula": "A/B",
                        "value": 182,
                      },
                      "name": "Matematyka",
                    },
                    "subjectsType": "primary",
                  },
                  "ref": null,
                  "rendered": null,
                  "type": [Function],
                },
                "%",
              ],
              "type": "td",
            },
            Object {
              "instance": null,
              "key": null,
              "nodeType": "host",
              "props": Object {
                "children": <ToggleSubject
                  active={true}
                  id="0"
                  onToggleClick={[Function]}
                  subjectsType="primary"
/>,
              },
              "ref": null,
              "rendered": Object {
                "instance": null,
                "key": null,
                "nodeType": "function",
                "props": Object {
                  "active": true,
                  "id": "0",
                  "onToggleClick": [Function],
                  "subjectsType": "primary",
                },
                "ref": null,
                "rendered": null,
                "type": [Function],
              },
              "type": "td",
            },
            Object {
              "instance": null,
              "key": null,
              "nodeType": "host",
              "props": Object {
                "children": <DeleteSubject
                  id="0"
                  onDelete={[Function]}
                  subjectsType="primary"
/>,
              },
              "ref": null,
              "rendered": Object {
                "instance": null,
                "key": null,
                "nodeType": "function",
                "props": Object {
                  "id": "0",
                  "onDelete": [Function],
                  "subjectsType": "primary",
                },
                "ref": null,
                "rendered": null,
                "type": [Function],
              },
              "type": "td",
            },
          ],
          "type": "tr",
        },
      ],
      "type": "tbody",
    },
    "type": "table",
  },
  Symbol(enzyme.__nodes__): Array [
    Object {
      "instance": null,
      "key": null,
      "nodeType": "host",
      "props": Object {
        "children": <tbody>
          <tr>
                    <th>
                              ID
                    </th>
                    <th>
                              Przedmiot
                    </th>
                    <th>
                              Wynik z matury podstawowej
                    </th>
                    <th>
                              Wynik z matury rozszerzonej
                    </th>
                    <th />
                    <th />
          </tr>
          <tr>
                    <td>
                              2
                    </td>
                    <td>
                              <NameInput
                                        onChange={[Function]}
                                        subject={
                                                  Object {
                                                            "active": true,
                                                            "advancedScore": 82,
                                                            "elementaryScore": 100,
                                                            "id": "0",
                                                            "maxScore": Object {
                                                              "formula": "A/B",
                                                              "value": 182,
                                                            },
                                                            "name": "Matematyka",
                                                          }
                                        }
                                        subjectsType="primary"
                              />
                    </td>
                    <td>
                              <ScoreRangeInput
                                        examType="elementary"
                                        onChange={[Function]}
                                        subject={
                                                  Object {
                                                            "active": true,
                                                            "advancedScore": 82,
                                                            "elementaryScore": 100,
                                                            "id": "0",
                                                            "maxScore": Object {
                                                              "formula": "A/B",
                                                              "value": 182,
                                                            },
                                                            "name": "Matematyka",
                                                          }
                                        }
                                        subjectsType="primary"
                              />
                              <ScoreTextInput
                                        examType="elementary"
                                        onChange={[Function]}
                                        subject={
                                                  Object {
                                                            "active": true,
                                                            "advancedScore": 82,
                                                            "elementaryScore": 100,
                                                            "id": "0",
                                                            "maxScore": Object {
                                                              "formula": "A/B",
                                                              "value": 182,
                                                            },
                                                            "name": "Matematyka",
                                                          }
                                        }
                                        subjectsType="primary"
                              />
                              %
                    </td>
                    <td>
                              <ScoreRangeInput
                                        examType="advanced"
                                        onChange={[Function]}
                                        subject={
                                                  Object {
                                                            "active": true,
                                                            "advancedScore": 82,
                                                            "elementaryScore": 100,
                                                            "id": "0",
                                                            "maxScore": Object {
                                                              "formula": "A/B",
                                                              "value": 182,
                                                            },
                                                            "name": "Matematyka",
                                                          }
                                        }
                                        subjectsType="primary"
                              />
                              <ScoreTextInput
                                        examType="advanced"
                                        onChange={[Function]}
                                        subject={
                                                  Object {
                                                            "active": true,
                                                            "advancedScore": 82,
                                                            "elementaryScore": 100,
                                                            "id": "0",
                                                            "maxScore": Object {
                                                              "formula": "A/B",
                                                              "value": 182,
                                                            },
                                                            "name": "Matematyka",
                                                          }
                                        }
                                        subjectsType="primary"
                              />
                              %
                    </td>
                    <td>
                              <ToggleSubject
                                        active={true}
                                        id="0"
                                        onToggleClick={[Function]}
                                        subjectsType="primary"
                              />
                    </td>
                    <td>
                              <DeleteSubject
                                        id="0"
                                        onDelete={[Function]}
                                        subjectsType="primary"
                              />
                    </td>
          </tr>
</tbody>,
        "className": "table mb-0",
      },
      "ref": null,
      "rendered": Object {
        "instance": null,
        "key": null,
        "nodeType": "host",
        "props": Object {
          "children": Array [
            <tr>
              <th>
                            ID
              </th>
              <th>
                            Przedmiot
              </th>
              <th>
                            Wynik z matury podstawowej
              </th>
              <th>
                            Wynik z matury rozszerzonej
              </th>
              <th />
              <th />
</tr>,
            <tr>
              <td>
                            2
              </td>
              <td>
                            <NameInput
                                          onChange={[Function]}
                                          subject={
                                                        Object {
                                                                      "active": true,
                                                                      "advancedScore": 82,
                                                                      "elementaryScore": 100,
                                                                      "id": "0",
                                                                      "maxScore": Object {
                                                                        "formula": "A/B",
                                                                        "value": 182,
                                                                      },
                                                                      "name": "Matematyka",
                                                                    }
                                          }
                                          subjectsType="primary"
                            />
              </td>
              <td>
                            <ScoreRangeInput
                                          examType="elementary"
                                          onChange={[Function]}
                                          subject={
                                                        Object {
                                                                      "active": true,
                                                                      "advancedScore": 82,
                                                                      "elementaryScore": 100,
                                                                      "id": "0",
                                                                      "maxScore": Object {
                                                                        "formula": "A/B",
                                                                        "value": 182,
                                                                      },
                                                                      "name": "Matematyka",
                                                                    }
                                          }
                                          subjectsType="primary"
                            />
                            <ScoreTextInput
                                          examType="elementary"
                                          onChange={[Function]}
                                          subject={
                                                        Object {
                                                                      "active": true,
                                                                      "advancedScore": 82,
                                                                      "elementaryScore": 100,
                                                                      "id": "0",
                                                                      "maxScore": Object {
                                                                        "formula": "A/B",
                                                                        "value": 182,
                                                                      },
                                                                      "name": "Matematyka",
                                                                    }
                                          }
                                          subjectsType="primary"
                            />
                            %
              </td>
              <td>
                            <ScoreRangeInput
                                          examType="advanced"
                                          onChange={[Function]}
                                          subject={
                                                        Object {
                                                                      "active": true,
                                                                      "advancedScore": 82,
                                                                      "elementaryScore": 100,
                                                                      "id": "0",
                                                                      "maxScore": Object {
                                                                        "formula": "A/B",
                                                                        "value": 182,
                                                                      },
                                                                      "name": "Matematyka",
                                                                    }
                                          }
                                          subjectsType="primary"
                            />
                            <ScoreTextInput
                                          examType="advanced"
                                          onChange={[Function]}
                                          subject={
                                                        Object {
                                                                      "active": true,
                                                                      "advancedScore": 82,
                                                                      "elementaryScore": 100,
                                                                      "id": "0",
                                                                      "maxScore": Object {
                                                                        "formula": "A/B",
                                                                        "value": 182,
                                                                      },
                                                                      "name": "Matematyka",
                                                                    }
                                          }
                                          subjectsType="primary"
                            />
                            %
              </td>
              <td>
                            <ToggleSubject
                                          active={true}
                                          id="0"
                                          onToggleClick={[Function]}
                                          subjectsType="primary"
                            />
              </td>
              <td>
                            <DeleteSubject
                                          id="0"
                                          onDelete={[Function]}
                                          subjectsType="primary"
                            />
              </td>
</tr>,
          ],
        },
        "ref": null,
        "rendered": Array [
          Object {
            "instance": null,
            "key": null,
            "nodeType": "host",
            "props": Object {
              "children": Array [
                <th>
                  ID
</th>,
                <th>
                  Przedmiot
</th>,
                <th>
                  Wynik z matury podstawowej
</th>,
                <th>
                  Wynik z matury rozszerzonej
</th>,
                <th />,
                <th />,
              ],
            },
            "ref": null,
            "rendered": Array [
              Object {
                "instance": null,
                "key": null,
                "nodeType": "host",
                "props": Object {
                  "children": "ID",
                },
                "ref": null,
                "rendered": "ID",
                "type": "th",
              },
              Object {
                "instance": null,
                "key": null,
                "nodeType": "host",
                "props": Object {
                  "children": "Przedmiot",
                },
                "ref": null,
                "rendered": "Przedmiot",
                "type": "th",
              },
              Object {
                "instance": null,
                "key": null,
                "nodeType": "host",
                "props": Object {
                  "children": "Wynik z matury podstawowej",
                },
                "ref": null,
                "rendered": "Wynik z matury podstawowej",
                "type": "th",
              },
              Object {
                "instance": null,
                "key": null,
                "nodeType": "host",
                "props": Object {
                  "children": "Wynik z matury rozszerzonej",
                },
                "ref": null,
                "rendered": "Wynik z matury rozszerzonej",
                "type": "th",
              },
              Object {
                "instance": null,
                "key": null,
                "nodeType": "host",
                "props": Object {},
                "ref": null,
                "rendered": null,
                "type": "th",
              },
              Object {
                "instance": null,
                "key": null,
                "nodeType": "host",
                "props": Object {},
                "ref": null,
                "rendered": null,
                "type": "th",
              },
            ],
            "type": "tr",
          },
          Object {
            "instance": null,
            "key": null,
            "nodeType": "host",
            "props": Object {
              "children": Array [
                <td>
                  2
</td>,
                <td>
                  <NameInput
                                    onChange={[Function]}
                                    subject={
                                                      Object {
                                                                        "active": true,
                                                                        "advancedScore": 82,
                                                                        "elementaryScore": 100,
                                                                        "id": "0",
                                                                        "maxScore": Object {
                                                                          "formula": "A/B",
                                                                          "value": 182,
                                                                        },
                                                                        "name": "Matematyka",
                                                                      }
                                    }
                                    subjectsType="primary"
                  />
</td>,
                <td>
                  <ScoreRangeInput
                                    examType="elementary"
                                    onChange={[Function]}
                                    subject={
                                                      Object {
                                                                        "active": true,
                                                                        "advancedScore": 82,
                                                                        "elementaryScore": 100,
                                                                        "id": "0",
                                                                        "maxScore": Object {
                                                                          "formula": "A/B",
                                                                          "value": 182,
                                                                        },
                                                                        "name": "Matematyka",
                                                                      }
                                    }
                                    subjectsType="primary"
                  />
                  <ScoreTextInput
                                    examType="elementary"
                                    onChange={[Function]}
                                    subject={
                                                      Object {
                                                                        "active": true,
                                                                        "advancedScore": 82,
                                                                        "elementaryScore": 100,
                                                                        "id": "0",
                                                                        "maxScore": Object {
                                                                          "formula": "A/B",
                                                                          "value": 182,
                                                                        },
                                                                        "name": "Matematyka",
                                                                      }
                                    }
                                    subjectsType="primary"
                  />
                  %
</td>,
                <td>
                  <ScoreRangeInput
                                    examType="advanced"
                                    onChange={[Function]}
                                    subject={
                                                      Object {
                                                                        "active": true,
                                                                        "advancedScore": 82,
                                                                        "elementaryScore": 100,
                                                                        "id": "0",
                                                                        "maxScore": Object {
                                                                          "formula": "A/B",
                                                                          "value": 182,
                                                                        },
                                                                        "name": "Matematyka",
                                                                      }
                                    }
                                    subjectsType="primary"
                  />
                  <ScoreTextInput
                                    examType="advanced"
                                    onChange={[Function]}
                                    subject={
                                                      Object {
                                                                        "active": true,
                                                                        "advancedScore": 82,
                                                                        "elementaryScore": 100,
                                                                        "id": "0",
                                                                        "maxScore": Object {
                                                                          "formula": "A/B",
                                                                          "value": 182,
                                                                        },
                                                                        "name": "Matematyka",
                                                                      }
                                    }
                                    subjectsType="primary"
                  />
                  %
</td>,
                <td>
                  <ToggleSubject
                                    active={true}
                                    id="0"
                                    onToggleClick={[Function]}
                                    subjectsType="primary"
                  />
</td>,
                <td>
                  <DeleteSubject
                                    id="0"
                                    onDelete={[Function]}
                                    subjectsType="primary"
                  />
</td>,
              ],
            },
            "ref": null,
            "rendered": Array [
              Object {
                "instance": null,
                "key": null,
                "nodeType": "host",
                "props": Object {
                  "children": 2,
                },
                "ref": null,
                "rendered": 2,
                "type": "td",
              },
              Object {
                "instance": null,
                "key": null,
                "nodeType": "host",
                "props": Object {
                  "children": <NameInput
                    onChange={[Function]}
                    subject={
                                        Object {
                                                            "active": true,
                                                            "advancedScore": 82,
                                                            "elementaryScore": 100,
                                                            "id": "0",
                                                            "maxScore": Object {
                                                              "formula": "A/B",
                                                              "value": 182,
                                                            },
                                                            "name": "Matematyka",
                                                          }
                    }
                    subjectsType="primary"
/>,
                },
                "ref": null,
                "rendered": Object {
                  "instance": null,
                  "key": null,
                  "nodeType": "function",
                  "props": Object {
                    "onChange": [Function],
                    "subject": Object {
                      "active": true,
                      "advancedScore": 82,
                      "elementaryScore": 100,
                      "id": "0",
                      "maxScore": Object {
                        "formula": "A/B",
                        "value": 182,
                      },
                      "name": "Matematyka",
                    },
                    "subjectsType": "primary",
                  },
                  "ref": null,
                  "rendered": null,
                  "type": [Function],
                },
                "type": "td",
              },
              Object {
                "instance": null,
                "key": null,
                "nodeType": "host",
                "props": Object {
                  "children": Array [
                    <ScoreRangeInput
                      examType="elementary"
                      onChange={[Function]}
                      subject={
                                            Object {
                                                                  "active": true,
                                                                  "advancedScore": 82,
                                                                  "elementaryScore": 100,
                                                                  "id": "0",
                                                                  "maxScore": Object {
                                                                    "formula": "A/B",
                                                                    "value": 182,
                                                                  },
                                                                  "name": "Matematyka",
                                                                }
                      }
                      subjectsType="primary"
/>,
                    <ScoreTextInput
                      examType="elementary"
                      onChange={[Function]}
                      subject={
                                            Object {
                                                                  "active": true,
                                                                  "advancedScore": 82,
                                                                  "elementaryScore": 100,
                                                                  "id": "0",
                                                                  "maxScore": Object {
                                                                    "formula": "A/B",
                                                                    "value": 182,
                                                                  },
                                                                  "name": "Matematyka",
                                                                }
                      }
                      subjectsType="primary"
/>,
                    "%",
                  ],
                },
                "ref": null,
                "rendered": Array [
                  Object {
                    "instance": null,
                    "key": null,
                    "nodeType": "function",
                    "props": Object {
                      "examType": "elementary",
                      "onChange": [Function],
                      "subject": Object {
                        "active": true,
                        "advancedScore": 82,
                        "elementaryScore": 100,
                        "id": "0",
                        "maxScore": Object {
                          "formula": "A/B",
                          "value": 182,
                        },
                        "name": "Matematyka",
                      },
                      "subjectsType": "primary",
                    },
                    "ref": null,
                    "rendered": null,
                    "type": [Function],
                  },
                  Object {
                    "instance": null,
                    "key": null,
                    "nodeType": "function",
                    "props": Object {
                      "examType": "elementary",
                      "onChange": [Function],
                      "subject": Object {
                        "active": true,
                        "advancedScore": 82,
                        "elementaryScore": 100,
                        "id": "0",
                        "maxScore": Object {
                          "formula": "A/B",
                          "value": 182,
                        },
                        "name": "Matematyka",
                      },
                      "subjectsType": "primary",
                    },
                    "ref": null,
                    "rendered": null,
                    "type": [Function],
                  },
                  "%",
                ],
                "type": "td",
              },
              Object {
                "instance": null,
                "key": null,
                "nodeType": "host",
                "props": Object {
                  "children": Array [
                    <ScoreRangeInput
                      examType="advanced"
                      onChange={[Function]}
                      subject={
                                            Object {
                                                                  "active": true,
                                                                  "advancedScore": 82,
                                                                  "elementaryScore": 100,
                                                                  "id": "0",
                                                                  "maxScore": Object {
                                                                    "formula": "A/B",
                                                                    "value": 182,
                                                                  },
                                                                  "name": "Matematyka",
                                                                }
                      }
                      subjectsType="primary"
/>,
                    <ScoreTextInput
                      examType="advanced"
                      onChange={[Function]}
                      subject={
                                            Object {
                                                                  "active": true,
                                                                  "advancedScore": 82,
                                                                  "elementaryScore": 100,
                                                                  "id": "0",
                                                                  "maxScore": Object {
                                                                    "formula": "A/B",
                                                                    "value": 182,
                                                                  },
                                                                  "name": "Matematyka",
                                                                }
                      }
                      subjectsType="primary"
/>,
                    "%",
                  ],
                },
                "ref": null,
                "rendered": Array [
                  Object {
                    "instance": null,
                    "key": null,
                    "nodeType": "function",
                    "props": Object {
                      "examType": "advanced",
                      "onChange": [Function],
                      "subject": Object {
                        "active": true,
                        "advancedScore": 82,
                        "elementaryScore": 100,
                        "id": "0",
                        "maxScore": Object {
                          "formula": "A/B",
                          "value": 182,
                        },
                        "name": "Matematyka",
                      },
                      "subjectsType": "primary",
                    },
                    "ref": null,
                    "rendered": null,
                    "type": [Function],
                  },
                  Object {
                    "instance": null,
                    "key": null,
                    "nodeType": "function",
                    "props": Object {
                      "examType": "advanced",
                      "onChange": [Function],
                      "subject": Object {
                        "active": true,
                        "advancedScore": 82,
                        "elementaryScore": 100,
                        "id": "0",
                        "maxScore": Object {
                          "formula": "A/B",
                          "value": 182,
                        },
                        "name": "Matematyka",
                      },
                      "subjectsType": "primary",
                    },
                    "ref": null,
                    "rendered": null,
                    "type": [Function],
                  },
                  "%",
                ],
                "type": "td",
              },
              Object {
                "instance": null,
                "key": null,
                "nodeType": "host",
                "props": Object {
                  "children": <ToggleSubject
                    active={true}
                    id="0"
                    onToggleClick={[Function]}
                    subjectsType="primary"
/>,
                },
                "ref": null,
                "rendered": Object {
                  "instance": null,
                  "key": null,
                  "nodeType": "function",
                  "props": Object {
                    "active": true,
                    "id": "0",
                    "onToggleClick": [Function],
                    "subjectsType": "primary",
                  },
                  "ref": null,
                  "rendered": null,
                  "type": [Function],
                },
                "type": "td",
              },
              Object {
                "instance": null,
                "key": null,
                "nodeType": "host",
                "props": Object {
                  "children": <DeleteSubject
                    id="0"
                    onDelete={[Function]}
                    subjectsType="primary"
/>,
                },
                "ref": null,
                "rendered": Object {
                  "instance": null,
                  "key": null,
                  "nodeType": "function",
                  "props": Object {
                    "id": "0",
                    "onDelete": [Function],
                    "subjectsType": "primary",
                  },
                  "ref": null,
                  "rendered": null,
                  "type": [Function],
                },
                "type": "td",
              },
            ],
            "type": "tr",
          },
        ],
        "type": "tbody",
      },
      "type": "table",
    },
  ],
  Symbol(enzyme.__options__): Object {
    "adapter": ReactSixteenAdapter {
      "options": Object {
        "enableComponentDidUpdateOnSetState": true,
      },
    },
  },
}
`;
